\BOOKMARK [0][-]{chapter.1}{\376\377\0001\000\040\000R\000\351\000s\000u\000m\000\351}{}% 1
\BOOKMARK [0][-]{chapter*.2}{\376\377\000R\000e\000m\000e\000r\000c\000i\000e\000m\000e\000n\000t\000s}{}% 2
\BOOKMARK [0][-]{chapter.2}{\376\377\0002\000\040\000I\000n\000t\000r\000o\000d\000u\000c\000t\000i\000o\000n}{}% 3
\BOOKMARK [0][-]{chapter.3}{\376\377\0003\000\040\000C\000o\000n\000t\000e\000x\000t\000u\000a\000l\000i\000s\000a\000t\000i\000o\000n\000\040\000d\000u\000\040\000R\000w\000a\000n\000d\000a}{}% 4
\BOOKMARK [1][-]{section.3.1}{\376\377\0003\000.\0001\000\040\000U\000n\000\040\000t\000e\000r\000r\000i\000t\000o\000i\000r\000e\000\040\000d\000e\000n\000s\000e\000\040\000e\000t\000\040\000a\000c\000c\000i\000d\000e\000n\000t\000\351\000,\000\040\000e\000x\000p\000o\000s\000\351\000\040\000a\000u\000x\000\040\000a\000l\000\351\000a\000s\000\040\000h\000y\000d\000r\000o\000-\000c\000l\000i\000m\000a\000t\000i\000q\000u\000e}{chapter.3}% 5
\BOOKMARK [1][-]{section.3.2}{\376\377\0003\000.\0002\000\040\000U\000n\000\040\000s\000y\000s\000t\000\350\000m\000e\000\040\000d\000e\000\040\000t\000r\000a\000n\000s\000p\000o\000r\000t\000\040\000e\000n\000t\000i\000\350\000r\000e\000m\000e\000n\000t\000\040\000r\000o\000u\000t\000i\000e\000r}{chapter.3}% 6
\BOOKMARK [1][-]{section.3.3}{\376\377\0003\000.\0003\000\040\000L\000e\000\040\000m\000a\000n\000q\000u\000e\000\040\000d\000a\000n\000s\000\040\000l\000a\000\040\000l\000i\000t\000t\000\351\000r\000a\000t\000u\000r\000e\000\040\000d\000'\000u\000n\000e\000\040\000a\000n\000a\000l\000y\000s\000e\000\040\000d\000e\000\040\000v\000u\000l\000n\000\351\000r\000a\000b\000i\000l\000i\000t\000\351\000\040\000d\000e\000\040\000f\000r\000e\000t\000\040\000R\000w\000a\000n\000d\000a\000i\000s}{chapter.3}% 7
\BOOKMARK [0][-]{chapter.4}{\376\377\0004\000\040\000R\000e\000v\000u\000e\000\040\000d\000e\000\040\000l\000i\000t\000t\000\351\000r\000a\000t\000u\000r\000e}{}% 8
\BOOKMARK [1][-]{section.4.1}{\376\377\0004\000.\0001\000\040\000L\000e\000s\000\040\000t\000y\000p\000e\000s\000\040\000d\000e\000\040\000m\000o\000d\000\350\000l\000e\000s\000\040\000d\000e\000\040\000f\000r\000e\000t}{chapter.4}% 9
\BOOKMARK [2][-]{subsection.4.1.1}{\376\377\0004\000.\0001\000.\0001\000\040\000S\000C\000G\000E}{section.4.1}% 10
\BOOKMARK [2][-]{subsection.4.1.2}{\376\377\0004\000.\0001\000.\0002\000\040\000A\000g\000g\000r\000e\000g\000a\000t\000e\000,\000\040\000D\000i\000s\000a\000g\000g\000r\000e\000g\000a\000t\000e\000,\000\040\000A\000g\000g\000r\000e\000g\000a\000t\000e\000\040\000\050\000A\000D\000A\000\051}{section.4.1}% 11
\BOOKMARK [2][-]{subsection.4.1.3}{\376\377\0004\000.\0001\000.\0003\000\040\000A\000g\000e\000n\000t\000-\000B\000a\000s\000e\000d\000\040\000M\000o\000d\000e\000l\000\040\000\050\000A\000B\000M\000\051\000\040\000o\000u\000\040\000m\000i\000c\000r\000o\000s\000i\000m\000u\000l\000a\000t\000i\000o\000n\000s}{section.4.1}% 12
\BOOKMARK [2][-]{subsection.4.1.4}{\376\377\0004\000.\0001\000.\0004\000\040\000M\000o\000d\000\350\000l\000e\000s\000\040\000d\000e\000\040\000m\000a\000c\000h\000i\000n\000e\000\040\000l\000e\000a\000r\000n\000i\000n\000g}{section.4.1}% 13
\BOOKMARK [1][-]{section.4.2}{\376\377\0004\000.\0002\000\040\000L\000e\000\040\000m\000o\000d\000\350\000l\000e\000\040\000c\000l\000a\000s\000s\000i\000q\000u\000e\000\040\000\340\000\040\0004\000\040\000\351\000t\000a\000p\000e\000s}{chapter.4}% 14
\BOOKMARK [2][-]{subsection.4.2.1}{\376\377\0004\000.\0002\000.\0001\000\040\000P\000r\000o\000d\000u\000c\000t\000i\000o\000n\000\040\000e\000t\000\040\000a\000t\000t\000r\000a\000c\000t\000i\000o\000n}{section.4.2}% 15
\BOOKMARK [2][-]{subsection.4.2.2}{\376\377\0004\000.\0002\000.\0002\000\040\000D\000i\000s\000t\000r\000i\000b\000u\000t\000i\000o\000n}{section.4.2}% 16
\BOOKMARK [2][-]{subsection.4.2.3}{\376\377\0004\000.\0002\000.\0003\000\040\000C\000h\000o\000i\000x\000\040\000m\000o\000d\000a\000l\000e}{section.4.2}% 17
\BOOKMARK [2][-]{subsection.4.2.4}{\376\377\0004\000.\0002\000.\0004\000\040\000A\000s\000s\000i\000g\000n\000a\000t\000i\000o\000n}{section.4.2}% 18
\BOOKMARK [0][-]{chapter.5}{\376\377\0005\000\040\000M\000\351\000t\000h\000o\000d\000e\000\040\000u\000t\000i\000l\000i\000s\000\351\000e}{}% 19
\BOOKMARK [1][-]{section.5.1}{\376\377\0005\000.\0001\000\040\000O\000r\000i\000e\000n\000t\000a\000t\000i\000o\000n\000\040\000m\000\351\000t\000h\000o\000d\000o\000l\000o\000g\000i\000q\000u\000e\000\040\000g\000\351\000n\000\351\000r\000a\000l\000e}{chapter.5}% 20
\BOOKMARK [1][-]{section.5.2}{\376\377\0005\000.\0002\000\040\000P\000r\000\351\000s\000e\000n\000t\000a\000t\000i\000o\000n\000\040\000d\000e\000s\000\040\000d\000i\000f\000f\000\351\000r\000e\000n\000t\000e\000s\000\040\000p\000a\000r\000t\000i\000e\000s\000\040\000d\000u\000\040\000m\000o\000d\000\350\000l\000e}{chapter.5}% 21
\BOOKMARK [2][-]{subsection.5.2.1}{\376\377\0005\000.\0002\000.\0001\000\040\000D\000o\000n\000n\000\351\000e\000s\000\040\000u\000t\000i\000l\000i\000s\000\351\000e\000s}{section.5.2}% 22
\BOOKMARK [2][-]{subsection.5.2.2}{\376\377\0005\000.\0002\000.\0002\000\040\000P\000r\000o\000d\000u\000c\000t\000i\000o\000n\000\040\000d\000u\000\040\000r\000\351\000s\000e\000a\000u}{section.5.2}% 23
\BOOKMARK [2][-]{subsection.5.2.3}{\376\377\0005\000.\0002\000.\0003\000\040\000P\000r\000o\000d\000u\000c\000t\000i\000o\000n\000\040\000d\000e\000s\000\040\000f\000l\000u\000x}{section.5.2}% 24
\BOOKMARK [2][-]{subsection.5.2.4}{\376\377\0005\000.\0002\000.\0004\000\040\000A\000f\000f\000e\000c\000t\000a\000t\000i\000o\000n\000\040\000d\000u\000\040\000f\000r\000e\000t}{section.5.2}% 25
\BOOKMARK [2][-]{subsection.5.2.5}{\376\377\0005\000.\0002\000.\0005\000\040\000M\000o\000d\000\351\000l\000i\000s\000a\000t\000i\000o\000n\000\040\000d\000'\000u\000n\000\040\000c\000h\000o\000c}{section.5.2}% 26
\BOOKMARK [2][-]{subsection.5.2.6}{\376\377\0005\000.\0002\000.\0006\000\040\000A\000n\000a\000l\000y\000s\000e\000\040\000d\000e\000\040\000s\000e\000n\000s\000i\000b\000i\000l\000i\000t\000\351\000\040\000d\000e\000s\000\040\000p\000a\000r\000a\000m\000\350\000t\000r\000e\000s}{section.5.2}% 27
\BOOKMARK [0][-]{chapter.6}{\376\377\0006\000\040\000R\000\351\000s\000u\000l\000t\000a\000t\000s\000\040\000e\000t\000\040\000t\000e\000s\000t\000s\000\040\000d\000e\000\040\000s\000e\000n\000s\000i\000b\000i\000l\000i\000t\000\351}{}% 28
\BOOKMARK [1][-]{section.6.1}{\376\377\0006\000.\0001\000\040\000S\000c\000\351\000n\000a\000r\000i\000o\000\040\000d\000e\000\040\000r\000\351\000f\000\351\000r\000e\000n\000c\000e}{chapter.6}% 29
\BOOKMARK [2][-]{subsection.6.1.1}{\376\377\0006\000.\0001\000.\0001\000\040\000G\000\351\000n\000\351\000r\000a\000t\000i\000o\000n\000\040\000O\000f\000f\000r\000e\000-\000D\000e\000m\000a\000n\000d\000e}{section.6.1}% 30
\BOOKMARK [2][-]{subsection.6.1.2}{\376\377\0006\000.\0001\000.\0002\000\040\000A\000f\000f\000e\000c\000t\000a\000t\000i\000o\000n\000\040\000d\000u\000\040\000f\000r\000e\000t}{section.6.1}% 31
\BOOKMARK [1][-]{section.6.2}{\376\377\0006\000.\0002\000\040\000S\000c\000\351\000n\000a\000r\000i\000o\000s\000\040\000d\000'\000i\000n\000o\000n\000d\000a\000t\000i\000o\000n\000s}{chapter.6}% 32
\BOOKMARK [2][-]{subsection.6.2.1}{\376\377\0006\000.\0002\000.\0001\000\040\000C\000o\000n\000s\000t\000r\000u\000c\000t\000i\000o\000n\000\040\000d\000u\000\040\000s\000c\000\351\000n\000a\000r\000i\000o}{section.6.2}% 33
\BOOKMARK [2][-]{subsection.6.2.2}{\376\377\0006\000.\0002\000.\0002\000\040\000A\000n\000a\000l\000y\000s\000e\000\040\000d\000'\000i\000m\000p\000a\000c\000t\000s\000\040\000e\000t\000\040\000d\000e\000\040\000v\000u\000l\000n\000\351\000r\000a\000b\000i\000l\000i\000t\000\351}{section.6.2}% 34
\BOOKMARK [1][-]{section.6.3}{\376\377\0006\000.\0003\000\040\000T\000e\000s\000t\000s\000\040\000d\000e\000\040\000s\000e\000n\000s\000i\000b\000i\000l\000i\000t\000\351}{chapter.6}% 35
\BOOKMARK [2][-]{subsection.6.3.1}{\376\377\0006\000.\0003\000.\0001\000\040\000D\000i\000s\000p\000e\000r\000s\000i\000o\000n\000\040\000d\000e\000s\000\040\000i\000n\000d\000i\000c\000a\000t\000e\000u\000r\000s\000\040\000a\000g\000r\000\351\000g\000\351\000s}{section.6.3}% 36
\BOOKMARK [2][-]{subsection.6.3.2}{\376\377\0006\000.\0003\000.\0002\000\040\000I\000n\000f\000l\000u\000e\000n\000c\000e\000\040\000d\000i\000f\000f\000\351\000r\000e\000n\000c\000i\000\351\000e\000\040\000d\000e\000s\000\040\000p\000a\000r\000a\000m\000\350\000t\000r\000e\000s}{section.6.3}% 37
\BOOKMARK [2][-]{subsection.6.3.3}{\376\377\0006\000.\0003\000.\0003\000\040\000R\000o\000b\000u\000s\000t\000e\000s\000s\000e\000\040\000s\000p\000a\000t\000i\000a\000l\000e\000\040\000d\000e\000s\000\040\000f\000l\000u\000x}{section.6.3}% 38
\BOOKMARK [0][-]{chapter.7}{\376\377\0007\000\040\000D\000i\000s\000c\000u\000s\000s\000i\000o\000n}{}% 39
\BOOKMARK [1][-]{section.7.1}{\376\377\0007\000.\0001\000\040\000L\000i\000m\000i\000t\000e\000s\000\040\000d\000u\000\040\000t\000r\000a\000v\000a\000i\000l}{chapter.7}% 40
\BOOKMARK [1][-]{section.7.2}{\376\377\0007\000.\0002\000\040\000E\000x\000t\000e\000n\000s\000i\000o\000n\000s\000\040\000f\000u\000t\000u\000r\000e\000s\000\040\000e\000t\000\040\000r\000e\000c\000o\000m\000m\000a\000n\000d\000a\000t\000i\000o\000n\000s}{chapter.7}% 41
\BOOKMARK [2][-]{subsection.7.2.1}{\376\377\0007\000.\0002\000.\0001\000\040\000E\000x\000t\000e\000n\000s\000i\000o\000n\000s\000\040\000m\000\351\000t\000h\000o\000d\000o\000l\000o\000g\000i\000q\000u\000e\000s}{section.7.2}% 42
\BOOKMARK [0][-]{chapter.8}{\376\377\0008\000\040\000C\000o\000n\000c\000l\000u\000s\000i\000o\000n}{}% 43
\BOOKMARK [0][-]{chapter*.31}{\376\377\000B\000i\000b\000l\000i\000o\000g\000r\000a\000p\000h\000i\000e}{}% 44
\BOOKMARK [0][-]{chapter.9}{\376\377\0009\000\040\000A\000n\000n\000e\000x\000e\000s}{}% 45
\BOOKMARK [1][-]{section.9.1}{\376\377\0009\000.\0001\000\040\000P\000r\000\351\000s\000e\000n\000t\000a\000t\000i\000o\000n\000\040\000d\000e\000\040\000l\000'\000A\000F\000D\000,\000\040\000d\000u\000\040\000d\000\351\000p\000a\000r\000t\000e\000m\000e\000n\000t\000\040\000E\000C\000O\000\040\000e\000t\000\040\000d\000e\000\040\000l\000'\000\351\000q\000u\000i\000p\000e\000\040\000G\000E\000M\000M\000E\000S}{chapter.9}% 46
\BOOKMARK [1][-]{section.9.2}{\376\377\0009\000.\0002\000\040\000D\000\351\000c\000o\000m\000p\000o\000s\000i\000t\000i\000o\000n\000\040\000d\000e\000s\000\040\000r\000o\000u\000t\000e\000s\000\040\000n\000o\000n\000\040\000r\000e\000l\000i\000\351\000e\000s\000\040\000\340\000\040\000l\000a\000\040\000c\000o\000m\000p\000o\000s\000a\000n\000t\000e\000\040\000g\000\351\000a\000n\000t\000e}{chapter.9}% 47
\BOOKMARK [1][-]{section.9.3}{\376\377\0009\000.\0003\000\040\000C\000a\000r\000t\000e\000\040\000d\000e\000\040\000l\000a\000\040\000p\000o\000p\000u\000l\000a\000t\000i\000o\000n\000\040\000p\000a\000r\000\040\000z\000o\000n\000e\000\040\000\050\000p\000o\000l\000y\000g\000o\000n\000e\000s\000\040\000d\000e\000\040\000V\000o\000r\000o\000n\000o\000\357\000\051}{chapter.9}% 48
\BOOKMARK [1][-]{section.9.4}{\376\377\0009\000.\0004\000\040\000C\000a\000r\000t\000e\000\040\000d\000e\000s\000\040\000d\000i\000s\000t\000r\000i\000c\000t\000s\000\040\000d\000u\000\040\000R\000w\000a\000n\000d\000a}{chapter.9}% 49
\BOOKMARK [1][-]{section.9.5}{\376\377\0009\000.\0005\000\040\000C\000o\000m\000p\000o\000s\000i\000t\000i\000o\000n\000\040\000s\000e\000c\000t\000o\000r\000i\000e\000l\000l\000e\000\040\000d\000e\000\040\000l\000'\000o\000f\000f\000r\000e\000\040\000e\000t\000\040\000d\000e\000\040\000l\000a\000\040\000d\000e\000m\000a\000n\000d\000e\000\040\000p\000a\000r\000\040\000z\000o\000n\000e}{chapter.9}% 50
\BOOKMARK [1][-]{section.9.6}{\376\377\0009\000.\0006\000\040\000L\000a\000\040\000p\000a\000r\000t\000\040\000u\000r\000b\000a\000i\000n\000e\000\040\000i\000m\000p\000l\000i\000c\000i\000t\000e\000\040\000d\000e\000\040\000l\000a\000\040\000S\000A\000M}{chapter.9}% 51
\BOOKMARK [1][-]{section.9.7}{\376\377\0009\000.\0007\000\040\000D\000i\000s\000t\000r\000i\000b\000u\000t\000i\000o\000n\000\040\000d\000e\000s\000\040\000s\000u\000r\000c\000o\000\373\000t\000s\000\040\000r\000e\000l\000a\000t\000i\000f\000s\000\040\000d\000e\000\040\000t\000r\000a\000n\000s\000p\000o\000r\000t\000\040\000p\000a\000r\000\040\000p\000a\000i\000r\000e\000\040\000o\000r\000i\000g\000i\000n\000e\000-\000d\000e\000s\000t\000i\000n\000a\000t\000i\000o\000n}{chapter.9}% 52
\BOOKMARK [1][-]{section.9.8}{\376\377\0009\000.\0008\000\040\000Q\000u\000e\000l\000q\000u\000e\000s\000\040\000c\000a\000r\000a\000c\000t\000\351\000r\000i\000s\000t\000i\000q\000u\000e\000s\000\040\000t\000e\000c\000h\000n\000i\000q\000u\000e\000s\000\040\000d\000u\000\040\000m\000o\000d\000\350\000l\000e}{chapter.9}% 53
\BOOKMARK [1][-]{section.9.9}{\376\377\0009\000.\0009\000\040\000F\000i\000c\000h\000i\000e\000r\000s\000\040\000e\000x\000p\000o\000r\000t\000\351\000s\000\040\000p\000a\000r\000\040\000l\000e\000\040\000m\000o\000d\000\350\000l\000e\000\040\000\050\000d\000o\000s\000s\000i\000e\000r\000\040\000e\000x\000p\000o\000r\000t\000s\000/\000\051}{chapter.9}% 54
